Resolving dependencies...
Downloading packages...
  app_links 6.4.1 (7.0.0 available)
  matcher 0.12.18 (0.12.19 available)
  meta 1.17.0 (1.18.1 available)
  test_api 0.7.9 (0.7.10 available)
Got dependencies!
4 packages have newer versions incompatible with dependency constraints.
Try `flutter pub outdated` for more information.
00:00 +0: loading D:/ACCESS/semester6/capstone-project/project-akhir/girantra/test/auth_test.dart
00:00 +0: (setUpAll)
supabase.supabase_flutter: INFO: ***** Supabase init completed ***** 
00:00 +0: Mencoba Sign Up Tanpa UI
Error signing up: AuthApiException(message: email rate limit exceeded, statusCode: 429, code: over_email_send_rate_limit)
00:00 +0 -1: Mencoba Sign Up Tanpa UI [E]
  Expected: not null
    Actual: <null>
  
  package:matcher                                     expect
  package:flutter_test/src/widget_tester.dart 473:18  expect
  test\auth_test.dart 37:5                            main.<fn>
  
00:00 +0 -1: (tearDownAll)
00:01 +0 -1: Some tests failed.
